01:32:19 **** Incremental Build of configuration Debug for project dac_prj2 ****
make -j12 all 
arm-none-eabi-gcc "../Core/Src/main.c" -mcpu=cortex-m4 -std=gnu11 -g3 -DDEBUG -DUSE_HAL_DRIVER -DSTM32F446xx -c -I../Core/Inc -I../Drivers/STM32F4xx_HAL_Driver/Inc -I../Drivers/STM32F4xx_HAL_Driver/Inc/Legacy -I../Drivers/CMSIS/Device/ST/STM32F4xx/Include -I../Drivers/CMSIS/Include -O0 -ffunction-sections -fdata-sections -Wall -fstack-usage -fcyclomatic-complexity -MMD -MP -MF"Core/Src/main.d" -MT"Core/Src/main.o" --specs=nano.specs -mfpu=fpv4-sp-d16 -mfloat-abi=hard -mthumb -o "Core/Src/main.o"
arm-none-eabi-gcc -o "dac_prj2.elf" @"objects.list"   -mcpu=cortex-m4 -T"D:\Mecatronica\semestre7\digital2\D2_proyecto2\dac_prj2\STM32F446RETX_FLASH.ld" --specs=nosys.specs -Wl,-Map="dac_prj2.map" -Wl,--gc-sections -static --specs=nano.specs -mfpu=fpv4-sp-d16 -mfloat-abi=hard -mthumb -Wl,--start-group -lc -lm -Wl,--end-group
Finished building target: dac_prj2.elf
 
arm-none-eabi-size  dac_prj2.elf 
arm-none-eabi-objdump -h -S dac_prj2.elf  > "dac_prj2.list"
   text	   data	    bss	    dec	    hex	filename
  26508	    460	   2492	  29460	   7314	dac_prj2.elf
Finished building: default.size.stdout
 
Finished building: dac_prj2.list
 

01:32:20 Build Finished. 0 errors, 0 warnings. (took 1s.296ms)

